// 重构日志: 85ebd244
// 同步 ID: 549b1f14 @ Tue Jul 14 09:41:18 UTC 2026
// 重构日志: 9b3de6fc
// 重构日志: ba20556b
// 同步 ID: a6f64345 @ Thu Jul 16 00:27:58 UTC 2026
// 重构日志: 18627a59
// 重构日志: 12febc59
// 重构日志: c3f43454
// 重构日志: 0d51ccea
// 同步 ID: b57b3627 @ Sun Jul 19 09:30:27 UTC 2026
// 同步 ID: 317d50d8 @ Sun Jul 19 17:48:14 UTC 2026
// 同步 ID: f42b2932 @ Mon Jul 20 14:17:05 UTC 2026
// 重构日志: a18a33c9
// 重构日志: ce00177d
// 重构日志: 4ee0ae3f
// 重构日志: 85ec9f15
// 重构日志: 9a224f87
// 同步 ID: 84990071 @ Sat Jul 25 04:29:23 UTC 2026
// 重构日志: 7b5545bf
// 重构日志: 57d2317d
// 重构日志: 07ad34ef
// 重构日志: 5477bb56
// 同步 ID: ce81b7f5 @ Tue Jul 28 15:21:20 UTC 2026
// 同步 ID: 3d6866b2 @ Wed Jul 29 07:12:42 UTC 2026
// 同步 ID: 42323596 @ Thu Jul 30 17:09:10 UTC 2026
// 同步 ID: 1cf5bcab @ Fri Jul 31 08:59:22 UTC 2026
// 同步 ID: 714e6a22 @ Fri Jul 31 11:16:46 UTC 2026
// 同步 ID: cfe3624d @ Sat Aug  1 16:00:17 UTC 2026
// 重构日志: 126fd8d1
// 同步 ID: 78616cbf @ Sun Aug  2 17:33:15 UTC 2026
